1tv.live
24h.tv
ach.gov.ru
aif.ru
all-make.su
argumenti.ru
a-russia.ru
cont.ws
dostoverno.ru
dzen.ru
fom.ru
free.1tv.ru
glaz.tv
gudok.ru
idmedina.ru
ip.ontivi.net
iz.ru
kino.tricolor.tv
kp.ru
lenta.ru
levada.ru
lgz.ru
ligainternet.ru
limehd.tv
litrossia.ru
max.ru
media.a-russia.ru
mil.ru
mk.ru
more.tv
mospravda.ru
mosregtoday.ru
movix.ru
mvdmedia.ru
ok.ru
ombudsmanrf.org
ontvtime.online
ontvtime.ru
ontvtime.tv
opora.ru
politvz.ru
portal-kultura.ru
premier.one
radiokp.ru
radiopotok.ru
regnum.ru
ren.tv
rg.ru
ria.ru
rkn.gov.ru
romir.ru
ru-ru.facebook.com
rusderjavnaya.ru
ru.spbtv.com
russian.rt.com
russia-tv.online
rustv.live
rutube.ru
sledcom.ru
smotret.tv
smotrim.ru
sovross.ru
sputnik24.tv
tass.ru
televizorus.com
top-radio.ru
tsargrad.tv
tv-app.ru
tv-novosti.ru
tvzvezda.ru
ug.ru
vgtrk.ru
vk.ru
vm.ru
vz.ru
wciom.ru
web.max.ru
wink.ru
www.1tv.ru
www.5-tv.ru
www.cikrf.ru
www.debilizator.tv
www.gazeta-slovo.ru
www.glaz.tv
www.ivi.ru
www.kommersant.ru
www.nadezhda.me
www.ntv.ru
www.pnp.ru
www.rt.com
www.rv.ru
www.sgazeta.ru
www.solidarnost.org
www.tiktok.com
www.trud.ru
www.vedomosti.ru
yandex.ru
yapolitic.ru
zavtra.ru
